basic module
simple module
the simple answer is 42
