Line(
	line
	1
)
Line (
	line
	2
)
Line (
	line
	3
)
Line (
	line
	4
)
Line (
	line
	5
)
