say something
hello world!!!
x = 1, y = 2, z = 3
The answer to life the universe and everything is 42.
