first line
second line
third line
# fourth line is not a comment
fifth line is not indented
but sixth line is
seventh line
