1
hello
true
false
null
0 1 -2 3 -4
false false 1
true is true
false is false
