i = 1
...is 1
i = 2
...is 2
i = 3
...is 3
i = 4
...is even
i = 5
...is odd
i = 6
...is even
i = 7
...is odd
i = 8
...is even
i = 9
...is odd
sum is 45
